// Jest Snapshot v1, https://goo.gl/fbAQLP

exports[`Should render expense list with empty message 1`] = `
<div>
  <p>
    No Expenses
  </p>
</div>
`;

exports[`should remember Expenselist with expenses 1`] = `
<div>
  <ExpenseListItem
    amount={195}
    createdAt={0}
    description="Gun"
    id="1"
    key="1"
    note=""
  />
  <ExpenseListItem
    amount={1935}
    createdAt={-345600000}
    description="rent"
    id="2"
    key="2"
    note=""
  />
  <ExpenseListItem
    amount={5}
    createdAt={345600000}
    description="Credit card"
    id="3"
    key="3"
    note=""
  />
</div>
`;
