// Jest Snapshot v1, https://goo.gl/fbAQLP

exports[`To render the not found page correctly  1`] = `
<div>
  <h1>
    404!
  </h1>
   
  <Link
    replace={false}
    to="/"
  >
    go home !
  </Link>
</div>
`;
